// Jest Snapshot v1, https://goo.gl/fbAQLP

exports[`Ranking should render properly 1`] = `
<div
  className={undefined}
  onClick={[Function]}
>
  <div
    className={undefined}
  >
    <div
      className={undefined}
    >
      <span
        className="ant-avatar ant-avatar-circle ant-avatar-icon undefined rankingCrown"
        style={
          Object {
            "fontSize": 21,
            "height": 42,
            "lineHeight": 42,
            "width": 42,
          }
        }
      >
        <span
          aria-label="crown"
          className="anticon anticon-crown"
          role="img"
        >
          <svg
            aria-hidden="true"
            data-icon="crown"
            fill="currentColor"
            focusable="false"
            height="1em"
            viewBox="64 64 896 896"
            width="1em"
          >
            <path
              d="M899.6 276.5L705 396.4 518.4 147.5a8.06 8.06 0 00-12.9 0L319 396.4 124.3 276.5c-5.7-3.5-13.1 1.2-12.2 7.9L188.5 865c1.1 7.9 7.9 14 16 14h615.1c8 0 14.9-6 15.9-14l76.4-580.6c.8-6.7-6.5-11.4-12.3-7.9zm-126 534.1H250.3l-53.8-409.4 139.8 86.1L512 252.9l175.7 234.4 139.8-86.1-53.9 409.4zM512 509c-62.1 0-112.6 50.5-112.6 112.6S449.9 734.2 512 734.2s112.6-50.5 112.6-112.6S574.1 509 512 509zm0 160.9c-26.6 0-48.2-21.6-48.2-48.3 0-26.6 21.6-48.3 48.2-48.3s48.2 21.6 48.2 48.3c0 26.6-21.6 48.3-48.2 48.3z"
            />
          </svg>
        </span>
      </span>
    </div>
    <div
      className={undefined}
    >
      <span
        className={undefined}
      >
        R
      </span>
      <span
        className={undefined}
      >
        A
      </span>
      <span
        className={undefined}
      >
        N
      </span>
      <span
        className={undefined}
      >
        K
      </span>
      <span
        className={undefined}
      >
        I
      </span>
      <span
        className={undefined}
      >
        N
      </span>
      <span
        className={undefined}
      >
        G
      </span>
    </div>
  </div>
</div>
`;
